// Jest Snapshot v1, https://goo.gl/fbAQLP

exports[`<SheetsScreen /> renders correctly 1`] = `
<View
  style={
    Object {
      "flex": 1,
      "justifyContent": "center",
      "margin": 16,
    }
  }
>
  <Text
    style={
      Object {
        "alignSelf": "center",
        "color": "hsl(0, 0%, 60%)",
        "fontSize": 24,
        "marginHorizontal": 16,
        "textAlign": "center",
      }
    }
  >
    You haven't uploaded any sheets, you can upload them in home page! ðŸ˜„
  </Text>
</View>
`;
